------------------------------------------------------------
TimeQuest Timing Analyzer Summary
------------------------------------------------------------

Type  : Slow Model Setup 'CLOCK_50'
Slack : -2.521
TNS   : -43.598

Type  : Slow Model Setup 'FSM_clock:L0|C'
Slack : 0.102
TNS   : 0.000

Type  : Slow Model Hold 'CLOCK_50'
Slack : 0.523
TNS   : 0.000

Type  : Slow Model Hold 'FSM_clock:L0|C'
Slack : 0.526
TNS   : 0.000

Type  : Slow Model Minimum Pulse Width 'CLOCK_50'
Slack : -1.380
TNS   : -32.380

Type  : Slow Model Minimum Pulse Width 'FSM_clock:L0|C'
Slack : -0.500
TNS   : -8.000

Type  : Fast Model Setup 'CLOCK_50'
Slack : -0.702
TNS   : -6.804

Type  : Fast Model Setup 'FSM_clock:L0|C'
Slack : 0.553
TNS   : 0.000

Type  : Fast Model Hold 'CLOCK_50'
Slack : 0.240
TNS   : 0.000

Type  : Fast Model Hold 'FSM_clock:L0|C'
Slack : 0.241
TNS   : 0.000

Type  : Fast Model Minimum Pulse Width 'CLOCK_50'
Slack : -1.380
TNS   : -32.380

Type  : Fast Model Minimum Pulse Width 'FSM_clock:L0|C'
Slack : -0.500
TNS   : -8.000

------------------------------------------------------------
